mAula 1 - Entendendo o Git e sua Importância
- Git criado em 2005 por Linus Torvalds é um sistema de versionamento de código distribuído.
- Linus Torvalds desenvolveu o Linux de forma colaborativa.
- Existia outro CSV (Git) no entanto tinha problemas dos quais Linus odiava.
- O github é da microsoft (remoto?) e o Git(local?) desenvolvido por Linus. 
- Github tem partes pagas assim como outros CSV.

Aula 2 - Comandos básicos para o desempenho de um bom terminal

Git - CLI (Command Line Interface) x GUI (graphical user interface)
- Mudar de Pasta 
 - Windows - cd nomedapasta x Linux - cd nomedapasta
 - Windows - cd .. x Linux - cd .. (para voltar um nível da pasta)

- Para limpar (Windows e Linux). Obs: Na aula ele fala que no windows é o cls(clear screen) no meu windows funcionou com o clear e com cls.
 - clear ou Ctrl+L

- Para autocompletar
 - Digitar o início e apertar a tecla TAB

- Listar as pastas
 - Windows - dir x Linux - ls (no meu windows tanto faz dir ou ls)

- Criar pastas/arquivos
 - Windows - mkdir x Linux - mkdir
Obs: quando dá certo as coisas no terminal, ele não retorna nenhuma mensagem de erro, portanto "silence for success". mkdir = make a directory

- Deletar pastas/arquivos
 - Windows - del (só deleta os arquivos que está dentro da pasta) ex: del workspace / rmdir ex.: rmdir workspace /S /Q (remove o diretório) x Linux - rm -rf
Obs.: seta para cima navega por comandos já executados.

- escrever de volta palavra ou texto
 - echo palavra + enter
 - echo hello > hello.txt (ele vai escrever a palavra hello no arquivo .txt)

Essa diferença entre windows e linux tem a ver com qual derivação do Shell é o Sistema. O linux é derivado do Bash. O que não vi no windows 11.

O Git bash é um terminal extendido para otimizar o uso do Git.

Aula 3 - Realizando a instalação do Git

Link para download do Git: https://git-scm.com/downloads
Instalar normalmente, aceitando todas as recomendações do GIT/Windows.

Aula 4 - Tópicos fundamentais para entender o funcionamento do Git

- SHA1

A sigla SHA significa secure Hash Algorithm (Algoritmo de hash seguro), é um conjunto de funções hash criptográficas projetadas pela NSA (Agência de Segurança Nacional dos EUA). A encriptação gera conjunto de characteres identificador de 40 dígitos.

A cada vez que é mudado uma letra ou vírgula, por exemplo, gera um novo SHA.

Para abrir o GitBash
Opção 1
1 - Abrir o GitBash;
2 - botão direito na parte superior da tela do Gitbash, clicar em options e é possível mudar o tema do GIT;

Opção 2
1 - Abrir a pasta que vai trabalhar ex:"C:\Users\aquin\OneDrive\2022\Projects\Software Engineer\Courses\DIO\Spread FullStack Bootcamp\workspace\primeiro-desafio\dio-desafio-github-primeiro-repositorio\Introdução ao Git e Github"
2 - Clicar com o botão direito
3 - Clicar em GitBash here

Para abrir o SHA1
openssl sha1 nomedoarquivo.txt

 openssl sha1 Anotações.txt
 saída: SHA1(Anota▒▒es.txt)= 2127cc1b7696b807f4746b711bf62141faeab804

Aula 5 - Objetos internos do Git
- OBJETOS FUNDAMENTAIS

função echo : mostra o que escreve na frente 
exemplo: echo 'hello world'

 echo 'hello world' | git hash-object --stdin
 saída: 3b18e512dba79e4c8300dd08aeb37f8e728b8dad

 echo -e 'hello world' | openssl sha1
 saída: (stdin)= 22596363b3de40b06f981fb85d82312e8c0ed511

Blob \0 (metadados): tem sha1 desses arquivos. Armazena o tipo do objeto. Portanto, armazena o tipo de objeto, o tamanho da string e etc.
 echo 'conteudo' | git hash-object --stdin
 saída: fc31e91b26cf85a55e072476de7f263c89260eb1

 echo -e 'blob 9\0conteudo' | openssl sha1
 saída: (stdin)= fc31e91b26cf85a55e072476de7f263c89260eb1


Trees \0: armazena os blobs, o nome dos arquivos, e aponta para os blobs. Se mudar um blob, muda o sha da tree.
tree-> readme/rakefile/lib -> blob/tree -> simplegit.rb -> blob


Commits
Commit -> tree (s4a5sq1)/parent(a98acq1)/author(Amanda)/message(inicia..)/timestamp
Commit possui o SHA1, se alterar a blob altera todos os sha da tree e commit relacionado. Montando uma linha do tempo.

- Sistema distribuído e seguro:

Porque o git é um sistema distribuido e seguro: se um código estiver no seu computador e for alterado, essa nova versão terá um outro sha. Se o sistema cair em um local de armazenamento, terá outra versão em outro computado.


Aula 6 - Chave SSH e Token

Git password authentication is shutting down: https://github.blog/changelog/2021-08-12-git-password-authentication-is-shutting-down/
Parece que é opcional?!?!

Chave SSH: Forma de estabelecer uma conexão segura/encriptada entre duas máquinas. Sempre terá duas chaves, uma pública e outra privada relativa a máquina cadastrada. A pública coloca no github. E a partir daí já será possível mandar código da máquina cadastrada para o girhub sem colocar senha.

Na página do github (logado na conta pessoal) --> clicar no icone da sua foto e ir em settings --> SSH and GPG keys --> New SSH Key -->

Passos: 1 - Gerar a chave/ 2 - Colocar a chave pública no Github/ 3 - Abrir o agent no CLI/ 4 - Colocar a chave privada no CLI.

No CLI (Gitbash)
Abrir o Gitbash
$ ssh-keygen -t ed25519 -C jord_amanda@yahoo.com.br + enter
obs: usar o mesmo e-mail cadastrado no github
Ele vai mostrar a pasta que vai salvar
ele vai pedir a senha, não colocar a senha, só clicar em enter

/c/Users/aquin/.ssh/id_ed25519 already exists.
Overwrite (y/n)? y
Enter passphrase (empty for no passphrase):
Enter same passphrase again:
Your identification has been saved in /c/Users/aquin/.ssh/id_ed25519
Your public key has been saved in /c/Users/aquin/.ssh/id_ed25519.pub
The key fingerprint is:
SHA256:mYN2AFOVn5GQBfGI41+Kjr7OayQnYe6U75lzWcGcXLQ jord_amanda@yahoo.com.br
The key's randomart image is:
+--[ED25519 256]--+
|    o...=Oo.     |
|     o .oo+.     |
|      ++.+Eo     |
|  o  . +*oo      |
| o o  + S..      |
|  * o. +.+       |
| o *  .oo        |
|  ..+=o          |
|   =@=.          |
+----[SHA256]-----+


abrir a pasta que ele indicou

aquin@AmandaJAquino MINGW64 ~
$ cd /c/Users/aquin/.ssh/

aquin@AmandaJAquino MINGW64 ~/.ssh
$ ls
id_ed25519  id_ed25519.pub

aquin@AmandaJAquino MINGW64 ~/.ssh
$ cat id_ed25519.pub
ssh-ed25519 AAAAC3NzaC1lZDI1NTE5AAAAII0D2Nl62pz+mujd+h23PzwT7JDqXuycp/G/olZ/z0/l jord_amanda@yahoo.com.br

Colar no github em SSH Keys:
ssh-ed25519 AAAAC3NzaC1lZDI1NTE5AAAAII0D2Nl62pz+mujd+h23PzwT7JDqXuycp/G/olZ/z0/l jord_amanda@yahoo.com.br

Procedimento no CLI
aquin@AmandaJAquino MINGW64 ~/.ssh
$ ls
id_ed25519  id_ed25519.pub

aquin@AmandaJAquino MINGW64 ~/.ssh
$ pwd
saída: /c/Users/aquin/.ssh

Inicializar o agente: 
aquin@AmandaJAquino MINGW64 ~/.ssh
$ eval $(ssh-agent -s)
saída: Agent pid 859

aquin@AmandaJAquino MINGW64 ~/.ssh
$ ssh-add id_ed25519
saída: Identity added: id_ed25519 (jord_amanda@yahoo.com.br)
Obs: passar a chave privada para o agente

para clonar:
ir em code--> na aba de SSH copiar o caminho informado--> digitar
git clone caminhosshcopiado + enter

digitar y + Enter

se digitar ls + enter 
o repositório irá aparecer

$ git clone git@github.com:python/cpython.git
Cloning into 'cpython'...
The authenticity of host 'github.com (20.201.28.151)' can't be established.
ED25519 key fingerprint is SHA256:+DiY3wvvV6TuJJhbpZisF/zLDA0zPMSvHdkr4UvCOqU.
This key is not known by any other names
Are you sure you want to continue connecting (yes/no/[fingerprint])? y
Please type 'yes', 'no' or the fingerprint: y
Please type 'yes', 'no' or the fingerprint: yes
Warning: Permanently added 'github.com' (ED25519) to the list of known hosts.
remote: Enumerating objects: 887709, done.
remote: Counting objects: 100% (19/19), done.
remote: Compressing objects: 100% (19/19), done.
remote: Total 887709 (delta 7), reused 3 (delta 0), pack-reused 887690
Receiving objects: 100% (887709/887709), 456.87 MiB | 11.82 MiB/s, done.
Resolving deltas: 100% (703882/703882), done.
Updating files: 100% (4686/4686), done.

$ ls
cpython/  id_ed25519  id_ed25519.pub  known_hosts  known_hosts.old

como clonou o repositório sem pedir a chave, sinal que está configurado o ssh corretamente.

Para excluir repositório:
aquin@AmandaJAquino MINGW64 ~/.ssh
$ rm -f -r cpython

aquin@AmandaJAquino MINGW64 ~/.ssh
$ ls
id_ed25519  id_ed25519.pub  known_hosts  known_hosts.old

Token de acesso pessoal

Ir na imagem no github --> settings --> developer settings --> personal access tokens --> generate new token --> colocar uma nota/marcar a opção repo(se for mexer nas coisas padrão do github) --> clicar em "generate token" --> copiar e colar em um local seguro dentro da máquina. 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

na pasta que vai clonar clicar em CODE --> HTTPS --> copiar o link

No Gitbash
aquin@AmandaJAquino MINGW64 ~/.ssh
$ git clone https://github.com/python/cpython.git
Cloning into 'cpython'...
remote: Enumerating objects: 887729, done.
remote: Counting objects: 100% (39/39), done.
remote: Compressing objects: 100% (39/39), done.
remote: Total 887729 (delta 17), reused 4 (delta 0), pack-reused 887690
Receiving objects: 100% (887729/887729), 456.90 MiB | 8.94 MiB/s, done.
Resolving deltas: 100% (703892/703892), done.
Updating files: 100% (4686/4686), done.

aquin@AmandaJAquino MINGW64 ~/.ssh
$ ls
cpython/  id_ed25519  id_ed25519.pub  known_hosts  known_hosts.old


Aula 7 - Iniciando o Git e criando um commit

- Iniciar um repositório GIT (git cd)

abrir o gitbash na pasta que vai utilizar (clicar em botão direito "gitbash here")

aquin@AmandaJAquino MINGW64 ~/OneDrive/2022/Projects/Software Engineer/Courses/DIO/Spread FullStack Bootcamp
$ ls
workspace/

aquin@AmandaJAquino MINGW64 ~/OneDrive/2022/Projects/Software Engineer/Courses/DIO/Spread FullStack Bootcamp
$ cd workspace

aquin@AmandaJAquino MINGW64 ~/OneDrive/2022/Projects/Software Engineer/Courses/DIO/Spread FullStack Bootcamp/workspace
$ mkdir livro-receitas

aquin@AmandaJAquino MINGW64 ~/OneDrive/2022/Projects/Software Engineer/Courses/DIO/Spread FullStack Bootcamp/workspace
$ ls
cpython/  livro-receitas/  primeiro-desafio/

ou pode criar a pasta dentro do diretório.

aquin@AmandaJAquino MINGW64 ~/OneDrive/2022/Projects/Software Engineer/Courses/DIO/Spread FullStack Bootcamp/workspace
$ cd livro-receitas

aquin@AmandaJAquino MINGW64 ~/OneDrive/2022/Projects/Software Engineer/Courses/DIO/Spread FullStatcamp/workspace/livro-receitas
$ ls

aquin@AmandaJAquino MINGW64 ~/OneDrive/2022/Projects/Software Engineer/Courses/DIO/Spread FullStatcamp/workspace/livro-receitas
$ git init
Initialized empty Git repository in C:/Users/aquin/OneDrive/2022/Projects/Software Engineer/Cours/Spread FullStack Bootcamp/workspace/livro-receitas/.git/

aquin@AmandaJAquino MINGW64 ~/OneDrive/2022/Projects/Software Engineer/Courses/DIO/Spread FullStatcamp/workspace/livro-receitas (master)
$ ls

aquin@AmandaJAquino MINGW64 ~/OneDrive/2022/Projects/Software Engineer/Courses/DIO/Spread FullStatcamp/workspace/livro-receitas (master)
$

obs: a pasta não aparece, pois é uma pasta oculta.
Para ver a pasta oculta:

aquin@AmandaJAquino MINGW64 ~/OneDrive/2022/Projects/Software Engineer/Courses/DIO/Spread FullStatcamp/workspace/livro-receitas (master)
$ ls -a
./  ../  .git/

aquin@AmandaJAquino MINGW64 ~/OneDrive/2022/Projects/Software Engineer/Courses/DIO/Spread FullStack Bootcamp/workspace/livro-receitas (master)
$ cd .git/

aquin@AmandaJAquino MINGW64 ~/OneDrive/2022/Projects/Software Engineer/Courses/DIO/Spread FullStack Bootcamp/workspace/livro-receitas/.git (GIT_DIR!)
$ ls
HEAD  config  description  hooks/  info/  objects/  refs/

configurações iniciais

aquin@AmandaJAquino MINGW64 ~/OneDrive/2022/Projects/Software Engineer/Courses/DIO/Spread FullStack Bootcamp/workspace/livro-receitas (master)
$ git config --global user.email "jord_amanda@yahoo.com.br"

aquin@AmandaJAquino MINGW64 ~/OneDrive/2022/Projects/Software Engineer/Courses/DIO/Spread FullStack Bootcamp/workspace/livro-receitas (master)
$ git config --global user.name Amanda

- Iniciar o versionamento (git add) / Criar um commit (git commit)


aquin@AmandaJAquino MINGW64 ~/OneDrive/2022/Projects/Software Engineer/Courses/DIO/Spread FullStack Bootcamp/workspace/livro-receitas (master)
$ git add *

aquin@AmandaJAquino MINGW64 ~/OneDrive/2022/Projects/Software Engineer/Courses/DIO/Spread FullStack Bootcamp/workspace/livro-receitas (master)
$ git commit -m "commit inicial"
[master (root-commit) 8c08a14] commit inicial
 1 file changed, 1 insertion(+)
 create mode 100644 strogonoff.md
Obs: depois de (root-commit), o string 8c08a14] são os primeiros caracteres do sha1.

Outros: 
Deleting a repository
On GitHub.com, navigate to the main page of the repository.
Under your repository name, click Settings.
Under Danger Zone, click Delete this repository.
Read the warnings.
To verify that you're deleting the correct repository, type the name of the repository you want to delete.


Aula 8 - Passo a passo no ciclo de vida

GIT INIT : cria um repositório no GIT dentro de uma pasta (diretório).

Tudo abaixo ocorre no ambiente em desenvolvimento - local
- Tracked: arquivos que podem ser rastreados no GIT
- Untracked--> Staged: Adiciona o Arquivo (git add).
- Unmodified-->modified: Edita arquivo (git compara o sha1 dos arquivos).
- Modified-->Staged: "Stage" o arquivo (coloca o arquivo no palco). Utilizando o git add.
- Staged--> Unmodified: Commit (git commit). Envelopa todo o arquivo com autor, hora e data.
- Unmodified-->Untracked (não rastreado pelo GIT): Remove o arquivo

Ambiente em desenvolvimento (Git): Working directory, staging are, local repository.

Servidor: Remote repository - Github
Obs: Empurar do repositório local para o repositório remoto

aquin@AmandaJAquino MINGW64 ~/OneDrive/2022/Projects/Software Engineer/Courses/DIO/Spread FullStack Bootcamp/workspace/livro-receitas (master)
$ ls
strogonoff.md

aquin@AmandaJAquino MINGW64 ~/OneDrive/2022/Projects/Software Engineer/Courses/DIO/Spread FullStack Bootcamp/workspace/livro-receitas (master)
$ git status
On branch master
nothing to commit, working tree clean

aquin@AmandaJAquino MINGW64 ~/OneDrive/2022/Projects/Software Engineer/Courses/DIO/Spread FullStack Bootcamp/workspace/livro-receitas (master)
$ mkdir receitas

aquin@AmandaJAquino MINGW64 ~/OneDrive/2022/Projects/Software Engineer/Courses/DIO/Spread FullStack Bootcamp/workspace/livro-receitas (master)
$ ls
receitas/  strogonoff.md

aquin@AmandaJAquino MINGW64 ~/OneDrive/2022/Projects/Software Engineer/Courses/DIO/Spread FullStack Bootcamp/workspace/livro-receitas (master)
$ mv strogonoff.md ./receitas/

aquin@AmandaJAquino MINGW64 ~/OneDrive/2022/Projects/Software Engineer/Courses/DIO/Spread FullStack Bootcamp/workspace/livro-receitas (master)
$ cd receitas

aquin@AmandaJAquino MINGW64 ~/OneDrive/2022/Projects/Software Engineer/Courses/DIO/Spread FullStack Bootcamp/workspace/livro-receitas/receitas (master)
$ ls
strogonoff.md

aquin@AmandaJAquino MINGW64 ~/OneDrive/2022/Projects/Software Engineer/Courses/DIO/Spread FullStack Bootcamp/workspace/livro-receitas/receitas (master)
$ cd ..

aquin@AmandaJAquino MINGW64 ~/OneDrive/2022/Projects/Software Engineer/Courses/DIO/Spread FullStack Bootcamp/workspace/livro-receitas (master)
$ git status
On branch master
Changes not staged for commit:
  (use "git add/rm <file>..." to update what will be committed)
  (use "git restore <file>..." to discard changes in working directory)
        deleted:    strogonoff.md

Untracked files:
  (use "git add <file>..." to include in what will be committed)
        receitas/

no changes added to commit (use "git add" and/or "git commit -a")

aquin@AmandaJAquino MINGW64 ~/OneDrive/2022/Projects/Software Engineer/Courses/DIO/Spread FullStack Bootcamp/workspace/livro-receitas (master)
$ git add strogonoff.md receitas/

aquin@AmandaJAquino MINGW64 ~/OneDrive/2022/Projects/Software Engineer/Courses/DIO/Spread FullStack Bootcamp/workspace/livro-receitas (master)
$ git status
On branch master
Changes to be committed:
  (use "git restore --staged <file>..." to unstage)
        renamed:    strogonoff.md -> receitas/strogonoff.md
aquin@AmandaJAquino MINGW64 ~/OneDrive/2022/Projects/Software Engineer/Courses/DIO/Spread FullStack Bootcamp/workspace/livro-receitas (master)
$ git commit -m "cria pasta receitas, move arquivo para receitas"
[master 270163c] cria pasta receitas, move arquivo para receitas
 1 file changed, 0 insertions(+), 0 deletions(-)
 rename strogonoff.md => receitas/strogonoff.md (100%)

aquin@AmandaJAquino MINGW64 ~/OneDrive/2022/Projects/Software Engineer/Courses/DIO/Spread FullStack Bootcamp/workspace/livro-receitas (master)
$ git status
On branch master
nothing to commit, working tree clean

aquin@AmandaJAquino MINGW64 ~/OneDrive/2022/Projects/Software Engineer/Courses/DIO/Spread FullStack Bootcamp/workspace/livro-receitas (master)
$ echo > README.md

aquin@AmandaJAquino MINGW64 ~/OneDrive/2022/Projects/Software Engineer/Courses/DIO/Spread FullStack Bootcamp/workspace/livro-receitas (master)
$ ls
README.md  receitas/

aquin@AmandaJAquino MINGW64 ~/OneDrive/2022/Projects/Software Engineer/Courses/DIO/Spread FullStack Bootcamp/workspace/livro-receitas (master)
$ git status
On branch master
Untracked files:
  (use "git add <file>..." to include in what will be committed)
        README.md

nothing added to commit but untracked files present (use "git add" to track)

aquin@AmandaJAquino MINGW64 ~/OneDrive/2022/Projects/Software Engineer/Courses/DIO/Spread FullStack Bootcamp/workspace/livro-receitas (master)
$ git status
On branch master
Untracked files:
  (use "git add <file>..." to include in what will be committed)
        README.md

nothing added to commit but untracked files present (use "git add" to track)

aquin@AmandaJAquino MINGW64 ~/OneDrive/2022/Projects/Software Engineer/Courses/DIO/Spread FullStack Bootcamp/workspace/livro-receitas (master)
$ git add *

Obs.: git add * salva todas as alterações

aquin@AmandaJAquino MINGW64 ~/OneDrive/2022/Projects/Software Engineer/Courses/DIO/Spread FullStack Bootcamp/workspace/livro-receitas (master)
$ ls
README.md  receitas/

aquin@AmandaJAquino MINGW64 ~/OneDrive/2022/Projects/Software Engineer/Courses/DIO/Spread FullStack Bootcamp/workspace/livro-receitas (master)
$ git status
On branch master
Changes to be committed:
  (use "git restore --staged <file>..." to unstage)
        new file:   README.md

aquin@AmandaJAquino MINGW64 ~/OneDrive/2022/Projects/Software Engineer/Courses/DIO/Spread FullStack Bootcamp/workspace/livro-receitas (master)
$ git commit -m "adiciona index"
[master 5d12684] adiciona index
 1 file changed, 1 insertion(+)
 create mode 100644 README.md

aquin@AmandaJAquino MINGW64 ~/OneDrive/2022/Projects/Software Engineer/Courses/DIO/Spread FullStack Bootcamp/workspace/livro-receitas (master)
$ git status
On branch master
nothing to commit, working tree clean

Aula 9 - Trabalhando com o GitHub


É importante que o mesmo e-mail configurado no github, seja configurado no git.Para verificar as configurações no git fazer o seguinte comando:

aquin@AmandaJAquino MINGW64 ~
$ git config --list
diff.astextplain.textconv=astextplain
filter.lfs.clean=git-lfs clean -- %f
filter.lfs.smudge=git-lfs smudge -- %f
filter.lfs.process=git-lfs filter-process
filter.lfs.required=true
http.sslbackend=openssl
http.sslcainfo=C:/Program Files/Git/mingw64/ssl/certs/ca-bundle.crt
core.autocrlf=true
core.fscache=true
core.symlinks=true
pull.rebase=false
credential.helper=manager-core
credential.https://dev.azure.com.usehttppath=true
init.defaultbranch=master
user.email=jord_amanda@yahoo.com.br
user.name=Amanda

Caso precise alterar:

aquin@AmandaJAquino MINGW64 ~
$ git config --global --unset user.email

aquin@AmandaJAquino MINGW64 ~
$ git config --global --unset user.name

aquin@AmandaJAquino MINGW64 ~
$ git config --list
diff.astextplain.textconv=astextplain
filter.lfs.clean=git-lfs clean -- %f
filter.lfs.smudge=git-lfs smudge -- %f
filter.lfs.process=git-lfs filter-process
filter.lfs.required=true
http.sslbackend=openssl
http.sslcainfo=C:/Program Files/Git/mingw64/ssl/certs/ca-bundle.crt
core.autocrlf=true
core.fscache=true
core.symlinks=true
pull.rebase=false
credential.helper=manager-core
credential.https://dev.azure.com.usehttppath=true
init.defaultbranch=master

não há mais o email e o user.

aquin@AmandaJAquino MINGW64 ~
$ git config --global user.email "jord_amanda@yahoo.com.br"

aquin@AmandaJAquino MINGW64 ~
$ git config --global user.name "Amanda"

aquin@AmandaJAquino MINGW64 ~
$ git config --list
diff.astextplain.textconv=astextplain
filter.lfs.clean=git-lfs clean -- %f
filter.lfs.smudge=git-lfs smudge -- %f
filter.lfs.process=git-lfs filter-process
filter.lfs.required=true
http.sslbackend=openssl
http.sslcainfo=C:/Program Files/Git/mingw64/ssl/certs/ca-bundle.crt
core.autocrlf=true
core.fscache=true
core.symlinks=true
pull.rebase=false
credential.helper=manager-core
credential.https://dev.azure.com.usehttppath=true
init.defaultbranch=master
user.email=jord_amanda@yahoo.com.br
user.name=Amanda

Para criar um repositório no Github:

1--> Ir na foto do perfil do Github;
2--> Clica em repositório
3--> Mudar o nome do repositório, a descrição, se é publico ou privado, adicionar o README se não tiver adicionado
4--> Clicar em Create repository

Para adicionar o repositório no Github:

1--> Abrir o gitbash dentro da pasta livro de receitas
2--> Empurrar o repositório local para o remoto:
 a-) adicionar a origem:
aquin@AmandaJAquino MINGW64 ~/OneDrive/2022/Projects/Software Engineer/Courses/DIO/Spread FullStack Bootcamp/workspace/livro-receitas (master)
$ git remote add origin https://github.com/amandajaquino/livro-receitas.git

aquin@AmandaJAquino MINGW64 ~/OneDrive/2022/Projects/Software Engineer/Courses/DIO/Spread FullStack Bootcamp/workspace/livro-receitas (master)
$ git remote -v
origin  https://github.com/amandajaquino/livro-receitas.git (fetch)
origin  https://github.com/amandajaquino/livro-receitas.git (push)

aquin@AmandaJAquino MINGW64 ~/OneDrive/2022/Projects/Software Engineer/Courses/DIO/Spread FullStack Bootcamp/workspace/livro-receitas (master)
$ git status
On branch master
nothing to commit, working tree clean

 b-) Empurar o repositório:
aquin@AmandaJAquino MINGW64 ~/OneDrive/2022/Projects/Software Engineer/Courses/DIO/Spread FullStack Bootcamp/workspace/livro-receitas (master)
$ git push origin master
Enumerating objects: 8, done.
Counting objects: 100% (8/8), done.
Delta compression using up to 8 threads
Compressing objects: 100% (6/6), done.
Writing objects: 100% (8/8), 1.10 KiB | 1.10 MiB/s, done.
Total 8 (delta 0), reused 0 (delta 0), pack-reused 0
To https://github.com/amandajaquino/livro-receitas.git
 * [new branch]      master -> master

obs.: no github é possível navegar no histórico de commit pelo número sha1.


Aula 10 - Como os conflitos acontecem no GitHub e como resolvê-los

1-> Atualização de código (conflito de merge)

Quando alguém vai contribuir com o seu código, ela clona aquele código, faz as alterações, commita para o git. E empura para o github.

Após isso, se você fizer alterações o git irá lhe dizer que é preciso verificar, copiar as alterações já feitas e empurar novamente para o github.

a-> fazer as modificações no livro readme e dar os seguintes comandos:
aquin@AmandaJAquino MINGW64 ~/OneDrive/2022/Projects/Software Engineer/Courses/DIO/Spread FullStack Bootcamp/workspace/livro-receitas (master)
$ ls
README.md  receitas/

aquin@AmandaJAquino MINGW64 ~/OneDrive/2022/Projects/Software Engineer/Courses/DIO/Spread FullStack Bootcamp/workspace/livro-receitas (master)
$ git status
On branch master
Changes not staged for commit:
  (use "git add <file>..." to update what will be committed)
  (use "git restore <file>..." to discard changes in working directory)
        modified:   README.md

no changes added to commit (use "git add" and/or "git commit -a")

aquin@AmandaJAquino MINGW64 ~/OneDrive/2022/Projects/Software Engineer/Courses/DIO/Spread FullStack Bootcamp/workspace/livro-receitas (master)
$ git add *

aquin@AmandaJAquino MINGW64 ~/OneDrive/2022/Projects/Software Engineer/Courses/DIO/Spread FullStack Bootcamp/workspace/livro-receitas (master)
$ git status
On branch master
Changes to be committed:
  (use "git restore --staged <file>..." to unstage)
        modified:   README.md


aquin@AmandaJAquino MINGW64 ~/OneDrive/2022/Projects/Software Engineer/Courses/DIO/Spread FullStack Bootcamp/workspace/livro-receitas (master)
$ git commit -m "Adiciona receita pave"
[master ce469eb] Adiciona receita pave
 1 file changed, 1 insertion(+), 1 deletion(-)

aquin@AmandaJAquino MINGW64 ~/OneDrive/2022/Projects/Software Engineer/Courses/DIO/Spread FullStack Bootcamp/workspace/livro-receitas (master)
$ git status
On branch master
nothing to commit, working tree clean

aquin@AmandaJAquino MINGW64 ~/OneDrive/2022/Projects/Software Engineer/Courses/DIO/Spread FullStack Bootcamp/workspace/livro-receitas (master)
$ git push origin master
Enumerating objects: 5, done.
Counting objects: 100% (5/5), done.
Delta compression using up to 8 threads
Compressing objects: 100% (3/3), done.
Writing objects: 100% (3/3), 315 bytes | 315.00 KiB/s, done.
Total 3 (delta 1), reused 0 (delta 0), pack-reused 0
remote: Resolving deltas: 100% (1/1), completed with 1 local object.
To https://github.com/amandajaquino/livro-receitas.git
   5d12684..ce469eb  master -> master

Obs.: Se tivesse outro arquivo que outro usuário teria adicionado, o git não teria aceitado o git push. Teria dado o erro
...error: failed to push some refes to 'https://github.com/amandajaquino/livro-receitas.git' 
hint: Uptades were rejected because the remote contais work that you do not have locally...

Para resolver:

$ git pull origin master

saída:... CONFLICT (content): Merge conflict in README.md...

Abrir o arquivo com conflito de merge, verificar as modificações que não tem no seu repositório. Salvar e fazer os seguintes comandos:

$ git status

Saída: ... You have unmerged paths...

$ git add *

$ git commit -m "resolve conflitos"

$ git push origin master


aquin@AmandaJAquino MINGW64 ~/OneDrive/2022/Projects/Software Engineer/Courses/DIO/Spread FullStack Bootcamp/workspace/livro-receitas (master)
$ git status
On branch master
Changes not staged for commit:
  (use "git add <file>..." to update what will be committed)
  (use "git restore <file>..." to discard changes in working directory)
        modified:   README.md

no changes added to commit (use "git add" and/or "git commit -a")

aquin@AmandaJAquino MINGW64 ~/OneDrive/2022/Projects/Software Engineer/Courses/DIO/Spread FullStack Bootcamp/workspace/livro-receitas (master)
$ git add *

aquin@AmandaJAquino MINGW64 ~/OneDrive/2022/Projects/Software Engineer/Courses/DIO/Spread FullStack Bootcamp/workspace/livro-receitas (master)
$ git commit -m "resolve conflitos"
[master fdcce2f] resolve conflitos
 1 file changed, 1 insertion(+), 1 deletion(-)

aquin@AmandaJAquino MINGW64 ~/OneDrive/2022/Projects/Software Engineer/Courses/DIO/Spread FullStack Bootcamp/workspace/livro-receitas (master)
$ git push origin master
Enumerating objects: 5, done.
Counting objects: 100% (5/5), done.
Delta compression using up to 8 threads
Compressing objects: 100% (3/3), done.
Writing objects: 100% (3/3), 324 bytes | 324.00 KiB/s, done.
Total 3 (delta 1), reused 0 (delta 0), pack-reused 0
remote: Resolving deltas: 100% (1/1), completed with 1 local object.
To https://github.com/amandajaquino/livro-receitas.git
   ce469eb..fdcce2f  master -> master

aquin@AmandaJAquino MINGW64 ~/OneDrive/2022/Projects/Software Engineer/Courses/DIO/Spread FullStack Bootcamp/workspace/livro-receitas (master)
$ git status
On branch master
nothing to commit, working tree clean


Primeiro desafio resposta - Obs.: Não esquecer de dar git init em todas as pastas criadas. Dar "git add" e "git commit" na pasta que aparece o readme. Também fazer o git remote e o git push na pasta que tem o readme. 


aquin@AmandaJAquino MINGW64 ~/OneDrive/2022/Projects/Software Engineer/Courses/DIO/Spread FullStack Bootcamp/workspace
$ git status
fatal: not a git repository (or any of the parent directories): .git

aquin@AmandaJAquino MINGW64 ~/OneDrive/2022/Projects/Software Engineer/Courses/DIO/Spread FullStack Bootcamp/workspace
$ ls
'Introdução ao Git e Github'/   cpython/   livro-receitas/

aquin@AmandaJAquino MINGW64 ~/OneDrive/2022/Projects/Software Engineer/Courses/DIO/Spread FullStack Bootcamp/workspace
$ mkdir primeiro-desafio

aquin@AmandaJAquino MINGW64 ~/OneDrive/2022/Projects/Software Engineer/Courses/DIO/Spread FullStack Bootcamp/workspace
$ ls
'Introdução ao Git e Github'/   cpython/   livro-receitas/   primeiro-desafio/

aquin@AmandaJAquino MINGW64 ~/OneDrive/2022/Projects/Software Engineer/Courses/DIO/Spread FullStack Bootcamp/workspace
$ cd primeiro-desafio

aquin@AmandaJAquino MINGW64 ~/OneDrive/2022/Projects/Software Engineer/Courses/DIO/Spread FullStack Bootcamp/workspace/primeiro-desafio
$ ls

aquin@AmandaJAquino MINGW64 ~/OneDrive/2022/Projects/Software Engineer/Courses/DIO/Spread FullStack Bootcamp/workspace/primeiro-desafio
$ git init
Initialized empty Git repository in C:/Users/aquin/OneDrive/2022/Projects/Software Engineer/Courses/DIO/Spread FullStack Bootcamp/workspace/primeiro-desafio/.git/

aquin@AmandaJAquino MINGW64 ~/OneDrive/2022/Projects/Software Engineer/Courses/DIO/Spread FullStack Bootcamp/workspace/primeiro-desafio (master)
$ ls

aquin@AmandaJAquino MINGW64 ~/OneDrive/2022/Projects/Software Engineer/Courses/DIO/Spread FullStack Bootcamp/workspace/primeiro-desafio (master)
$ ls -a
./  ../  .git/

aquin@AmandaJAquino MINGW64 ~/OneDrive/2022/Projects/Software Engineer/Courses/DIO/Spread FullStack Bootcamp/workspace/primeiro-desafio (master)
$ git config --list
diff.astextplain.textconv=astextplain
filter.lfs.clean=git-lfs clean -- %f
filter.lfs.smudge=git-lfs smudge -- %f
filter.lfs.process=git-lfs filter-process
filter.lfs.required=true
http.sslbackend=openssl
http.sslcainfo=C:/Program Files/Git/mingw64/ssl/certs/ca-bundle.crt
core.autocrlf=true
core.fscache=true
core.symlinks=true
pull.rebase=false
credential.helper=manager-core
credential.https://dev.azure.com.usehttppath=true
init.defaultbranch=master
user.email=jord_amanda@yahoo.com.br
user.name=Amanda
core.repositoryformatversion=0
core.filemode=false
core.bare=false
core.logallrefupdates=true
core.symlinks=false
core.ignorecase=true

aquin@AmandaJAquino MINGW64 ~/OneDrive/2022/Projects/Software Engineer/Courses/DIO/Spread FullStack Bootcamp/workspace/primeiro-desafio (master)
$ git status
On branch master

No commits yet

nothing to commit (create/copy files and use "git add" to track)

aquin@AmandaJAquino MINGW64 ~/OneDrive/2022/Projects/Software Engineer/Courses/DIO/Spread FullStack Bootcamp/workspace/primeiro-desafio (master)
$ git add *
fatal: pathspec '*' did not match any files

aquin@AmandaJAquino MINGW64 ~/OneDrive/2022/Projects/Software Engineer/Courses/DIO/Spread FullStack Bootcamp/workspace/primeiro-desafio (master)
$ git status
On branch master

No commits yet

nothing to commit (create/copy files and use "git add" to track)

aquin@AmandaJAquino MINGW64 ~/OneDrive/2022/Projects/Software Engineer/Courses/DIO/Spread FullStack Bootcamp/workspace/primeiro-desafio (master)
$ ls

aquin@AmandaJAquino MINGW64 ~/OneDrive/2022/Projects/Software Engineer/Courses/DIO/Spread FullStack Bootcamp/workspace/primeiro-desafio (master)
$ mkdir dio-desafio-github-primeiro-repositorio

aquin@AmandaJAquino MINGW64 ~/OneDrive/2022/Projects/Software Engineer/Courses/DIO/Spread FullStack Bootcamp/workspace/primeiro-desafio (master)
$ ls
dio-desafio-github-primeiro-repositorio/

aquin@AmandaJAquino MINGW64 ~/OneDrive/2022/Projects/Software Engineer/Courses/DIO/Spread FullStack Bootcamp/workspace/primeiro-desafio (master)
$ cd dio-desafio-github-primeiro-repositorio

aquin@AmandaJAquino MINGW64 ~/OneDrive/2022/Projects/Software Engineer/Courses/DIO/Spread FullStack Bootcamp/workspace/primeiro-desafio/dio-desafio-github-primeiro-repositorio (master)
$ git init
Initialized empty Git repository in C:/Users/aquin/OneDrive/2022/Projects/Software Engineer/Courses/DIO/Spread FullStack Bootcamp/workspace/primeiro-desafio/dio-desafio-github-primeiro-repositorio/.git/

aquin@AmandaJAquino MINGW64 ~/OneDrive/2022/Projects/Software Engineer/Courses/DIO/Spread FullStack Bootcamp/workspace/primeiro-desafio/dio-desafio-github-primeiro-repositorio (master)
$ ls -a
./  ../  .git/

aquin@AmandaJAquino MINGW64 ~/OneDrive/2022/Projects/Software Engineer/Courses/DIO/Spread FullStack Bootcamp/workspace/primeiro-desafio/dio-desafio-github-primeiro-repositorio (master)
$ mkdir Introdução ao Git e Github_final

aquin@AmandaJAquino MINGW64 ~/OneDrive/2022/Projects/Software Engineer/Courses/DIO/Spread FullStack Bootcamp/workspace/primeiro-desafio/dio-desafio-github-primeiro-repositorio (master)
$ ls
Git/  Github_final/  Introdução/  ao/  e/

aquin@AmandaJAquino MINGW64 ~/OneDrive/2022/Projects/Software Engineer/Courses/DIO/Spread FullStack Bootcamp/workspace/primeiro-desafio/dio-desafio-github-primeiro-repositorio (master)
$ ls
'Introdução ao Git e ao Github'/

aquin@AmandaJAquino MINGW64 ~/OneDrive/2022/Projects/Software Engineer/Courses/DIO/Spread FullStack Bootcamp/workspace/primeiro-desafio/dio-desafio-github-primeiro-repositorio (master)
$ cd 'Introdução ao Git e ao Github'

aquin@AmandaJAquino MINGW64 ~/OneDrive/2022/Projects/Software Engineer/Courses/DIO/Spread FullStack Bootcamp/workspace/primeiro-desafio/dio-desafio-github-primeiro-repositorio/Introdução ao Git e ao Github (master)
$ git init
Initialized empty Git repository in C:/Users/aquin/OneDrive/2022/Projects/Software Engineer/Courses/DIO/Spread FullStack Bootcamp/workspace/primeiro-desafio/dio-desafio-github-primeiro-repositorio/Introdução ao Git e ao Github/.git/

aquin@AmandaJAquino MINGW64 ~/OneDrive/2022/Projects/Software Engineer/Courses/DIO/Spread FullStack Bootcamp/workspace/primeiro-desafio/dio-desafio-github-primeiro-repositorio/Introdução ao Git e ao Github (master)
$ ls -a
./  ../  .git/

aquin@AmandaJAquino MINGW64 ~/OneDrive/2022/Projects/Software Engineer/Courses/DIO/Spread FullStack Bootcamp/workspace/primeiro-desafio/dio-desafio-github-primeiro-repositorio/Introdução ao Git e ao Github (master)
$ ls
Anotações.txt

aquin@AmandaJAquino MINGW64 ~/OneDrive/2022/Projects/Software Engineer/Courses/DIO/Spread FullStack Bootcamp/workspace/primeiro-desafio/dio-desafio-github-primeiro-repositorio/Introdução ao Git e ao Github (master)
$ cd ..

aquin@AmandaJAquino MINGW64 ~/OneDrive/2022/Projects/Software Engineer/Courses/DIO/Spread FullStack Bootcamp/workspace/primeiro-desafio/dio-desafio-github-primeiro-repositorio (master)
$ ls
'Introdução ao Git e ao Github'/   README.md

aquin@AmandaJAquino MINGW64 ~/OneDrive/2022/Projects/Software Engineer/Courses/DIO/Spread FullStack Bootcamp/workspace/primeiro-desafio/dio-desafio-github-primeiro-repositorio (master)
$ cd 'Introdução ao Git e ao Github'

aquin@AmandaJAquino MINGW64 ~/OneDrive/2022/Projects/Software Engineer/Courses/DIO/Spread FullStack Bootcamp/workspace/primeiro-desafio/dio-desafio-github-primeiro-repositorio/Introdução ao Git e ao Github (master)
$ git add *

aquin@AmandaJAquino MINGW64 ~/OneDrive/2022/Projects/Software Engineer/Courses/DIO/Spread FullStack Bootcamp/workspace/primeiro-desafio/dio-desafio-github-primeiro-repositorio/Introdução ao Git e ao Github (master)
$ git commit -m "adiciona primeiro desafio spread bootcamp"
[master (root-commit) 78d6833] adiciona primeiro desafio spread bootcamp
 1 file changed, 424 insertions(+)
 create mode 100644 "Anota\303\247\303\265es.txt"

aquin@AmandaJAquino MINGW64 ~/OneDrive/2022/Projects/Software Engineer/Courses/DIO/Spread FullStack Bootcamp/workspace/primeiro-desafio/dio-desafio-github-primeiro-repositorio/Introdução ao Git e ao Github (master)
$ git status
On branch master
nothing to commit, working tree clean

aquin@AmandaJAquino MINGW64 ~/OneDrive/2022/Projects/Software Engineer/Courses/DIO/Spread FullStack Bootcamp/workspace/primeiro-desafio/dio-desafio-github-primeiro-repositorio/Introdução ao Git e ao Github (master)
$ git remote add origin https://github.com/amandajaquino/dio-desafio-github-primeiro-repositorio.git

aquin@AmandaJAquino MINGW64 ~/OneDrive/2022/Projects/Software Engineer/Courses/DIO/Spread FullStack Bootcamp/workspace/primeiro-desafio/dio-desafio-github-primeiro-repositorio/Introdução ao Git e ao Github (master)
$ git remote -v
origin  https://github.com/amandajaquino/dio-desafio-github-primeiro-repositorio.git (fetch)
origin  https://github.com/amandajaquino/dio-desafio-github-primeiro-repositorio.git (push)

aquin@AmandaJAquino MINGW64 ~/OneDrive/2022/Projects/Software Engineer/Courses/DIO/Spread FullStack Bootcamp/workspace/primeiro-desafio/dio-desafio-github-primeiro-repositorio/Introdução ao Git e ao Github (master)
$ git push origin master
Enumerating objects: 3, done.
Counting objects: 100% (3/3), done.
Delta compression using up to 8 threads
Compressing objects: 100% (2/2), done.
Writing objects: 100% (3/3), 4.93 KiB | 4.93 MiB/s, done.
Total 3 (delta 0), reused 0 (delta 0), pack-reused 0
To https://github.com/amandajaquino/dio-d
















